ERROR: 2019/10/24 09:17:40 filelog.go:45: Something has failed
